ARM Linker, 5.03 [Build 76] [MDK-ARM Standard]

==============================================================================

Section Cross References

    system_lpc17xx.o(.text) refers to uldiv.o(.text) for __aeabi_uldivmod
    system_lpc17xx.o(.text) refers to system_lpc17xx.o(.data) for SystemCoreClock
    startup_lpc17xx.o(RESET) refers to startup_lpc17xx.o(STACK) for __initial_sp
    startup_lpc17xx.o(RESET) refers to startup_lpc17xx.o(.text) for Reset_Handler
    startup_lpc17xx.o(RESET) refers to hal_cm3.o(.emb_text) for SVC_Handler
    startup_lpc17xx.o(RESET) refers to uartn.o(.text) for UART0_IRQHandler
    startup_lpc17xx.o(.text) refers to system_lpc17xx.o(.text) for SystemInit
    startup_lpc17xx.o(.text) refers to entry.o(.ARM.Collect$$$$00000000) for __main
    main_all.o(.text) refers to strcmp.o(.text) for strcmp
    main_all.o(.text) refers to rt_cmsis.o(.text) for osSignalSet
    main_all.o(.text) refers to strlen.o(.text) for strlen
    main_all.o(.text) refers to memseta.o(.text) for __aeabi_memclr
    main_all.o(.text) refers to main_all.o(.data) for uart_id
    main_all.o(.text) refers to main_all.o(.constdata) for .constdata
    main_all.o(.text) refers to main_all.o(.bss) for buffer_uart
    main_all.o(.constdata) refers to main_all.o(.text) for uart_thread
    rtx_conf_cm.o(.ARM.Collect$$$$000000FF) refers to rt_cmsis.o(.text) for osKernelInitialize
    rtx_conf_cm.o(.ARM.Collect$$$$000000FF) refers to rtx_conf_cm.o(.data) for .data
    rtx_conf_cm.o(.constdata) refers to rtx_conf_cm.o(.bss) for os_messageQ_q_osTimerMessageQ
    rtx_conf_cm.o(.data) refers to main_all.o(.text) for main
    hal_cm3.o(.emb_text) refers to rtx_conf_cm.o(.constdata) for os_flags
    hal_cm3.o(.emb_text) refers to rt_membox.o(.text) for rt_alloc_box
    hal_cm3.o(.emb_text) refers to rt_system.o(.text) for rt_stk_check
    hal_cm3.o(.emb_text) refers to rt_task.o(.data) for os_tsk
    hal_cm3.o(.emb_text) refers to svc_table.o(SVC_TABLE) for SVC_Count
    hal_cm.o(.text) refers to rtx_conf_cm.o(.constdata) for os_stackinfo
    svc_table.o(SVC_TABLE) refers to uartn.o(.text) for __SVC_1
    svc_table.o(SVC_TABLE) refers to ethernet.o(.text) for __SVC_4
    svc_table.o(SVC_TABLE) refers to lcd_so.o(.text) for __SVC_9
    svc_table.o(SVC_TABLE) refers to touchpanel_os.o(.text) for __SVC_12
    svc_table.o(SVC_TABLE) refers to file_os.o(.text) for __SVC_14
    rt_cmsis.o(.text) refers to rt_task.o(.text) for rt_tsk_self
    rt_cmsis.o(.text) refers to rt_memory.o(.text) for rt_free_mem
    rt_cmsis.o(.text) refers to rt_mailbox.o(.text) for rt_mbx_init
    rt_cmsis.o(.text) refers to rt_system.o(.text) for os_tick_val
    rt_cmsis.o(.text) refers to rtx_conf_cm.o(.constdata) for os_clockrate
    rt_cmsis.o(.text) refers to rtx_conf_cm.o(.bss) for os_active_TCB
    rt_cmsis.o(.text) refers to rt_cmsis.o(.data) for os_initialized
    rt_cmsis.o(.text) refers to rt_task.o(.data) for os_tsk
    rt_cmsis.o(.text) refers to rtx_conf_cm.o(.data) for osMessageQId_osTimerMessageQ
    rt_cmsis.o(.text) refers to rt_time.o(.data) for os_time
    rt_cmsis.o(.text) refers to rt_time.o(.text) for rt_dly_wait
    rt_cmsis.o(.text) refers to rt_event.o(.text) for rt_evt_set
    rt_cmsis.o(.text) refers to rt_mutex.o(.text) for rt_mut_init
    rt_cmsis.o(.text) refers to rt_semaphore.o(.text) for rt_sem_init
    rt_cmsis.o(.text) refers to rt_membox.o(.text) for _init_box
    rt_cmsis.o(.text) refers to rt_list.o(.text) for rt_put_prio
    rt_cmsis.o(.text) refers to hal_cm.o(.text) for rt_ret_val
    rt_event.o(.text) refers to rt_task.o(.text) for rt_block
    rt_event.o(.text) refers to rt_list.o(.text) for rt_rmv_dly
    rt_event.o(.text) refers to hal_cm.o(.text) for rt_ret_val2
    rt_event.o(.text) refers to rt_system.o(.text) for rt_psh_req
    rt_event.o(.text) refers to rt_task.o(.data) for os_tsk
    rt_event.o(.text) refers to rtx_conf_cm.o(.bss) for os_active_TCB
    rt_event.o(.text) refers to rt_list.o(.bss) for os_rdy
    rt_list.o(.text) refers to rtx_conf_cm.o(.text) for os_error
    rt_list.o(.text) refers to rt_list.o(.bss) for os_rdy
    rt_list.o(.text) refers to rt_task.o(.data) for os_tsk
    rt_list.o(.text) refers to rt_time.o(.data) for os_time
    rt_list.o(.text) refers to rtx_conf_cm.o(.bss) for os_fifo
    rt_mailbox.o(.text) refers to rt_list.o(.text) for rt_get_first
    rt_mailbox.o(.text) refers to hal_cm.o(.text) for rt_ret_val2
    rt_mailbox.o(.text) refers to rt_task.o(.text) for rt_dispatch
    rt_mailbox.o(.text) refers to rt_system.o(.text) for rt_psh_req
    rt_mailbox.o(.text) refers to rt_membox.o(.text) for rt_alloc_box
    rt_mailbox.o(.text) refers to rtx_conf_cm.o(.text) for os_error
    rt_mailbox.o(.text) refers to rt_task.o(.data) for os_tsk
    rt_mailbox.o(.text) refers to rt_list.o(.bss) for os_rdy
    rt_membox.o(.text) refers to hal_cm3.o(.emb_text) for _alloc_box
    rt_mutex.o(.text) refers to rt_list.o(.text) for rt_resort_prio
[...]
    .data                                    0x100002dc   Section       28  rtx_conf_cm.o(.data)
    .data                                    0x100002f8   Section        8  rt_cmsis.o(.data)
    .data                                    0x10000300   Section        8  rt_robin.o(.data)
    .data                                    0x10000308   Section       11  rt_system.o(.data)
    os_lock                                  0x10000310   Data           1  rt_system.o(.data)
    os_psh_flag                              0x10000311   Data           1  rt_system.o(.data)
    pend_flags                               0x10000312   Data           1  rt_system.o(.data)
    .data                                    0x10000314   Section        8  rt_task.o(.data)
    .data                                    0x1000031c   Section        4  rt_time.o(.data)
    .data                                    0x10000320   Section       40  debug_frmwrk.o(.data)
    .data                                    0x10000348   Section       52  uartn.o(.data)
    .data                                    0x1000037c   Section        8  emac.o(.data)
    rptr                                     0x1000037c   Data           4  emac.o(.data)
    tptr                                     0x10000380   Data           4  emac.o(.data)
    .data                                    0x10000384   Section      108  ethernet.o(.data)
    .data                                    0x100003f0   Section       12  lcd_so.o(.data)
    .data                                    0x100003fc   Section        5  lcddriver.o(.data)
    .data                                    0x10000401   Section        1  glcd.o(.data)
    LCD_Code                                 0x10000401   Data           1  glcd.o(.data)
    .data                                    0x10000402   Section       20  touchpanel.o(.data)
    screen                                   0x1000040e   Data           4  touchpanel.o(.data)
    .data                                    0x10000418   Section        8  touchpanel_os.o(.data)
    .data                                    0x10000420   Section       20  file_os.o(.data)
    .data                                    0x10000434   Section        6  ff.o(.data)
    FatFs                                    0x10000434   Data           4  ff.o(.data)
    Fsid                                     0x10000438   Data           2  ff.o(.data)
    .data                                    0x1000043c   Section        4  stdout.o(.data)
    .bss                                     0x10000440   Section      768  main_all.o(.bss)
    .bss                                     0x10000740   Section     1932  rtx_conf_cm.o(.bss)
    .bss                                     0x10000ecc   Section       48  rt_list.o(.bss)
    .bss                                     0x10000efc   Section       48  rt_task.o(.bss)
    .bss                                     0x10000f2c   Section      588  uartn.o(.bss)
    .bss                                     0x10001178   Section     1164  ethernet.o(.bss)
    .bss                                     0x10001604   Section      260  lcd_so.o(.bss)
    .bss                                     0x10001708   Section       68  touchpanel.o(.bss)
    .bss                                     0x1000174c   Section       28  touchpanel_os.o(.bss)
    .bss                                     0x10001768   Section     1240  file_os.o(.bss)
    .bss                                     0x10001c40   Section       88  spi_msd_driver.o(.bss)
    STACK                                    0x10001c98   Section      768  startup_lpc17xx.o(STACK)

    Global Symbols

    Symbol Name                              Value     Ov Type        Size  Object(Section)

    BuildAttributes$$THM_ISAv4$P$D$K$B$S$PE$A:L22UL41UL21$X:L11$S22US41US21$IEEE1$IW$USESV6$~STKCKD$USESV7$~SHL$OSPACE$ROPI$EBA8$MICROLIB$REQ8$PRES8$EABIv2 0x00000000   Number         0  anon$$obj.o ABSOLUTE
    __ARM_use_no_argv                        0x00000000   Number         0  main_all.o ABSOLUTE
    __Vectors                                0x00000000   Data           4  startup_lpc17xx.o(RESET)
    __use_no_errno                           0x00000000   Number         0  useno.o ABSOLUTE
    __use_no_exception_handling              0x00000000   Number         0  useno.o ABSOLUTE
    __use_no_fp                              0x00000000   Number         0  useno.o ABSOLUTE
    __use_no_heap                            0x00000000   Number         0  useno.o ABSOLUTE
    __use_no_heap_region                     0x00000000   Number         0  useno.o ABSOLUTE
    __use_no_semihosting                     0x00000000   Number         0  useno.o ABSOLUTE
    __use_no_semihosting_swi                 0x00000000   Number         0  useno.o ABSOLUTE
    __use_no_signal_handling                 0x00000000   Number         0  useno.o ABSOLUTE
    _printf_a                                0x00000000   Number         0  stubs.o ABSOLUTE
    _printf_c                                0x00000000   Number         0  stubs.o ABSOLUTE
    _printf_charcount                        0x00000000   Number         0  stubs.o ABSOLUTE
    _printf_d                                0x00000000   Number         0  stubs.o ABSOLUTE
    _printf_e                                0x00000000   Number         0  stubs.o ABSOLUTE
    _printf_f                                0x00000000   Number         0  stubs.o ABSOLUTE
    _printf_flags                            0x00000000   Number         0  stubs.o ABSOLUTE
    _printf_fp_dec                           0x00000000   Number         0  stubs.o ABSOLUTE
    _printf_fp_hex                           0x00000000   Number         0  stubs.o ABSOLUTE
    _printf_g                                0x00000000   Number         0  stubs.o ABSOLUTE
    _printf_i                                0x00000000   Number         0  stubs.o ABSOLUTE
    _printf_int_dec                          0x00000000   Number         0  stubs.o ABSOLUTE
    _printf_l                                0x00000000   Number         0  stubs.o ABSOLUTE
    _printf_lc                               0x00000000   Number         0  stubs.o ABSOLUTE
    _printf_ll                               0x00000000   Number         0  stubs.o ABSOLUTE
    _printf_lld                              0x00000000   Number         0  stubs.o ABSOLUTE
    _printf_lli                              0x00000000   Number         0  stubs.o ABSOLUTE
    _printf_llo                              0x00000000   Number         0  stubs.o ABSOLUTE
    _printf_llu                              0x00000000   Number         0  stubs.o ABSOLUTE
    _printf_llx                              0x00000000   Number         0  stubs.o ABSOLUTE
    _printf_longlong_dec                     0x00000000   Number         0  stubs.o ABSOLUTE
    _printf_longlong_hex                     0x00000000   Number         0  stubs.o ABSOLUTE
    _printf_longlong_oct                     0x00000000   Number         0  stubs.o ABSOLUTE
    _printf_ls                               0x00000000   Number         0  stubs.o ABSOLUTE
    _printf_mbtowc                           0x00000000   Number         0  stubs.o ABSOLUTE
    _printf_n                                0x00000000   Number         0  stubs.o ABSOLUTE
    _printf_o                                0x00000000   Number         0  stubs.o ABSOLUTE
    _printf_p                                0x00000000   Number         0  stubs.o ABSOLUTE
    _printf_percent                          0x00000000   Number         0  stubs.o ABSOLUTE
    _printf_pre_padding                      0x00000000   Number         0  stubs.o ABSOLUTE
    _printf_return_value                     0x00000000   Number         0  stubs.o ABSOLUTE
    _printf_s                                0x00000000   Number         0  stubs.o ABSOLUTE
    _printf_sizespec                         0x00000000   Number         0  stubs.o ABSOLUTE
    _printf_str                              0x00000000   Number         0  stubs.o ABSOLUTE
    _printf_truncate_signed                  0x00000000   Number         0  stubs.o ABSOLUTE
    _printf_truncate_unsigned                0x00000000   Number         0  stubs.o ABSOLUTE
    _printf_u                                0x00000000   Number         0  stubs.o ABSOLUTE
    _printf_wc                               0x00000000   Number         0  stubs.o ABSOLUTE
    _printf_wctomb                           0x00000000   Number         0  stubs.o ABSOLUTE
    _printf_widthprec                        0x00000000   Number         0  stubs.o ABSOLUTE
    _printf_x                                0x00000000   Number         0  stubs.o ABSOLUTE
    __cpp_initialize__aeabi_                  - Undefined Weak Reference
    __cxa_finalize                            - Undefined Weak Reference
    _clock_init                               - Undefined Weak Reference
    _microlib_exit                            - Undefined Weak Reference
    __main                                   0x000000cd   Thumb Code     0  entry.o(.ARM.Collect$$$$00000000)
    _main_stk                                0x000000cd   Thumb Code     0  entry2.o(.ARM.Collect$$$$00000001)
    _main_scatterload                        0x000000d1   Thumb Code     0  entry5.o(.ARM.Collect$$$$00000004)
    __main_after_scatterload                 0x000000d5   Thumb Code     0  entry5.o(.ARM.Collect$$$$00000004)
    __rt_final_cpp                           0x000000d5   Thumb Code     0  entry10a.o(.ARM.Collect$$$$0000000D)
    __rt_final_exit                          0x000000d5   Thumb Code     0  entry11a.o(.ARM.Collect$$$$0000000F)
    _main_clock                              0x000000d5   Thumb Code     0  entry7b.o(.ARM.Collect$$$$00000008)
    _main_cpp_init                           0x000000d5   Thumb Code     0  entry8b.o(.ARM.Collect$$$$0000000A)
    _main_init                               0x000000d5   Thumb Code    18  rtx_conf_cm.o(.ARM.Collect$$$$000000FF)
    rt_set_PSP                               0x000000f1   Thumb Code     6  hal_cm3.o(.emb_text)
    rt_get_PSP                               0x000000f7   Thumb Code     6  hal_cm3.o(.emb_text)
    os_set_env                               0x000000fd   Thumb Code    24  hal_cm3.o(.emb_text)
    _alloc_box                               0x00000119   Thumb Code    28  hal_cm3.o(.emb_text)
    _free_box                                0x00000139   Thumb Code    28  hal_cm3.o(.emb_text)
    SVC_Handler                              0x00000159   Thumb Code   108  hal_cm3.o(.emb_text)
    PendSV_Handler                           0x000001d1   Thumb Code    56  hal_cm3.o(.emb_text)
    SysTick_Handler                          0x0000020d   Thumb Code     8  hal_cm3.o(.emb_text)
    OS_Tick_Handler                          0x00000215   Thumb Code    12  hal_cm3.o(.emb_text)
    Reset_Handler                            0x00000221   Thumb Code     8  startup_lpc17xx.o(.text)
    NMI_Handler                              0x00000229   Thumb Code     2  startup_lpc17xx.o(.text)
    HardFault_Handler                        0x0000022b   Thumb Code     2  startup_lpc17xx.o(.text)
    MemManage_Handler                        0x0000022d   Thumb Code     2  startup_lpc17xx.o(.text)
    BusFault_Handler                         0x0000022f   Thumb Code     2  startup_lpc17xx.o(.text)
    UsageFault_Handler                       0x00000231   Thumb Code     2  startup_lpc17xx.o(.text)
    DebugMon_Handler                         0x00000235   Thumb Code     2  startup_lpc17xx.o(.text)
    ADC_IRQHandler                           0x0000023b   Thumb Code     0  startup_lpc17xx.o(.text)
    BOD_IRQHandler                           0x0000023b   Thumb Code     0  startup_lpc17xx.o(.text)
    CANActivity_IRQHandler                   0x0000023b   Thumb Code     0  startup_lpc17xx.o(.text)
    CAN_IRQHandler                           0x0000023b   Thumb Code     0  startup_lpc17xx.o(.text)
    DMA_IRQHandler                           0x0000023b   Thumb Code     0  startup_lpc17xx.o(.text)
    EINT0_IRQHandler                         0x0000023b   Thumb Code     0  startup_lpc17xx.o(.text)
    EINT1_IRQHandler                         0x0000023b   Thumb Code     0  startup_lpc17xx.o(.text)
    EINT2_IRQHandler                         0x0000023b   Thumb Code     0  startup_lpc17xx.o(.text)
    EINT3_IRQHandler                         0x0000023b   Thumb Code     0  startup_lpc17xx.o(.text)
    ENET_IRQHandler                          0x0000023b   Thumb Code     0  startup_lpc17xx.o(.text)
    I2C0_IRQHandler                          0x0000023b   Thumb Code     0  startup_lpc17xx.o(.text)
    I2C1_IRQHandler                          0x0000023b   Thumb Code     0  startup_lpc17xx.o(.text)
    I2C2_IRQHandler                          0x0000023b   Thumb Code     0  startup_lpc17xx.o(.text)
    I2S_IRQHandler                           0x0000023b   Thumb Code     0  startup_lpc17xx.o(.text)
    MCPWM_IRQHandler                         0x0000023b   Thumb Code     0  startup_lpc17xx.o(.text)
    PLL0_IRQHandler                          0x0000023b   Thumb Code     0  startup_lpc17xx.o(.text)
    PLL1_IRQHandler                          0x0000023b   Thumb Code     0  startup_lpc17xx.o(.text)
    PWM1_IRQHandler                          0x0000023b   Thumb Code     0  startup_lpc17xx.o(.text)
    QEI_IRQHandler                           0x0000023b   Thumb Code     0  startup_lpc17xx.o(.text)
    RIT_IRQHandler                           0x0000023b   Thumb Code     0  startup_lpc17xx.o(.text)
    RTC_IRQHandler                           0x0000023b   Thumb Code     0  startup_lpc17xx.o(.text)
    SPI_IRQHandler                           0x0000023b   Thumb Code     0  startup_lpc17xx.o(.text)
    SSP0_IRQHandler                          0x0000023b   Thumb Code     0  startup_lpc17xx.o(.text)
    SSP1_IRQHandler                          0x0000023b   Thumb Code     0  startup_lpc17xx.o(.text)
    TIMER0_IRQHandler                        0x0000023b   Thumb Code     0  startup_lpc17xx.o(.text)
    TIMER1_IRQHandler                        0x0000023b   Thumb Code     0  startup_lpc17xx.o(.text)
    TIMER2_IRQHandler                        0x0000023b   Thumb Code     0  startup_lpc17xx.o(.text)
    TIMER3_IRQHandler                        0x0000023b   Thumb Code     0  startup_lpc17xx.o(.text)
    USBActivity_IRQHandler                   0x0000023b   Thumb Code     0  startup_lpc17xx.o(.text)
    USB_IRQHandler                           0x0000023b   Thumb Code     0  startup_lpc17xx.o(.text)
    WDT_IRQHandler                           0x0000023b   Thumb Code     0  startup_lpc17xx.o(.text)
    os_idle_demon                            0x00000245   Thumb Code     4  rtx_conf_cm.o(.text)
    os_error                                 0x00000249   Thumb Code     4  rtx_conf_cm.o(.text)
    rt_init_stack                            0x0000024d   Thumb Code    76  hal_cm.o(.text)
    rt_ret_val                               0x00000299   Thumb Code    12  hal_cm.o(.text)
    rt_ret_val2                              0x000002a5   Thumb Code    16  hal_cm.o(.text)
    check_failed                             0x000002bd   Thumb Code     4  lpc17xx_libcfg_default.o(.text)
    GetASCIICode                             0x000002c1   Thumb Code    26  asciilib.o(.text)
    strlen                                   0x000002e1   Thumb Code    14  strlen.o(.text)
    __I$use$fp                               0x000002ef   Thumb Code     0  iusefp.o(.text)
    __scatterload_copy                       0x000002ef   Thumb Code    14  handlers.o(i.__scatterload_copy)
    SystemCoreClockUpdate                    0x00000301   Thumb Code   424  system_lpc17xx.o(.text)
    __RL_RTX_VER                             0x00000450   Number         0  rt_system.o ABSOLUTE
    SystemInit                               0x000004a9   Thumb Code   290  system_lpc17xx.o(.text)
    uart_thread                              0x00000619   Thumb Code   126  main_all.o(.text)
    ethernet_thread                          0x00000697   Thumb Code   174  main_all.o(.text)
    lcd_thread                               0x00000745   Thumb Code   202  main_all.o(.text)
    touch_thread                             0x0000080f   Thumb Code    32  main_all.o(.text)
    file_thread                              0x0000082f   Thumb Code   140  main_all.o(.text)
    main                                     0x000008bb   Thumb Code    80  main_all.o(.text)
    rt_tid2ptcb                              0x000009ed   Thumb Code    32  rt_cmsis.o(.text)
    svcThreadGetId                           0x00000a1f   Thumb Code    24  rt_cmsis.o(.text)
    svcThreadTerminate                       0x00000a37   Thumb Code    64  rt_cmsis.o(.text)
    osThreadExit                             0x00000a77   Thumb Code    22  rt_cmsis.o(.text)
    svcThreadCreate                          0x00000a8d   Thumb Code   138  rt_cmsis.o(.text)
    svcMessageCreate                         0x00000b17   Thumb Code    60  rt_cmsis.o(.text)
    svcKernelInitialize                      0x00000b53   Thumb Code    96  rt_cmsis.o(.text)
    svcKernelStart                           0x00000bb3   Thumb Code    56  rt_cmsis.o(.text)
    svcKernelRunning                         0x00000beb   Thumb Code     6  rt_cmsis.o(.text)
    svcKernelSysTick                         0x00000bf1   Thumb Code    62  rt_cmsis.o(.text)
    osKernelInitialize                       0x00000c2f   Thumb Code    40  rt_cmsis.o(.text)
    osKernelStart                            0x00000c57   Thumb Code   150  rt_cmsis.o(.text)
    osKernelRunning                          0x00000ced   Thumb Code    36  rt_cmsis.o(.text)
    osKernelSysTick                          0x00000d11   Thumb Code    24  rt_cmsis.o(.text)
    svcThreadYield                           0x00000d29   Thumb Code    10  rt_cmsis.o(.text)
    svcThreadSetPriority                     0x00000d33   Thumb Code    62  rt_cmsis.o(.text)
    svcThreadGetPriority                     0x00000d71   Thumb Code    24  rt_cmsis.o(.text)
    osThreadCreate                           0x00000d89   Thumb Code   120  rt_cmsis.o(.text)
    osThreadGetId                            0x00000e01   Thumb Code    24  rt_cmsis.o(.text)
    osThreadTerminate                        0x00000e19   Thumb Code    28  rt_cmsis.o(.text)
    osThreadYield                            0x00000e35   Thumb Code    24  rt_cmsis.o(.text)
    osThreadSetPriority                      0x00000e4d   Thumb Code    32  rt_cmsis.o(.text)
    osThreadGetPriority                      0x00000e6d   Thumb Code    28  rt_cmsis.o(.text)
    svcDelay                                 0x00000e89   Thumb Code    28  rt_cmsis.o(.text)
    osDelay                                  0x00000ea5   Thumb Code    28  rt_cmsis.o(.text)
    osWait                                   0x00000ec1   Thumb Code    16  rt_cmsis.o(.text)
    svcTimerCreate                           0x00000f53   Thumb Code   102  rt_cmsis.o(.text)
    svcTimerStart                            0x00000fb9   Thumb Code    88  rt_cmsis.o(.text)
    svcTimerStop                             0x00001011   Thumb Code    48  rt_cmsis.o(.text)
    svcTimerDelete                           0x00001041   Thumb Code    52  rt_cmsis.o(.text)
    svcTimerCall                             0x00001075   Thumb Code    42  rt_cmsis.o(.text)
    sysTimerTick                             0x000010d1   Thumb Code    70  rt_cmsis.o(.text)
    osTimerCreate                            0x00001117   Thumb Code    64  rt_cmsis.o(.text)
    osTimerStart                             0x00001157   Thumb Code    32  rt_cmsis.o(.text)
    osTimerStop                              0x00001177   Thumb Code    28  rt_cmsis.o(.text)
    osTimerDelete                            0x00001193   Thumb Code    28  rt_cmsis.o(.text)
    osTimerCall                              0x000011af   Thumb Code    26  rt_cmsis.o(.text)
    svcMessageGet                            0x000011c9   Thumb Code    86  rt_cmsis.o(.text)
    osMessageGet                             0x0000121f   Thumb Code   118  rt_cmsis.o(.text)
    osTimerThread                            0x00001295   Thumb Code    68  rt_cmsis.o(.text)
    svcSignalSet                             0x000012d9   Thumb Code    52  rt_cmsis.o(.text)
    svcSignalClear                           0x0000130d   Thumb Code    52  rt_cmsis.o(.text)
    svcSignalWait                            0x00001341   Thumb Code   114  rt_cmsis.o(.text)
    osSignalSet                              0x000013b3   Thumb Code    80  rt_cmsis.o(.text)
    osSignalClear                            0x00001403   Thumb Code    32  rt_cmsis.o(.text)
    osSignalWait                             0x00001423   Thumb Code    48  rt_cmsis.o(.text)
    svcMutexCreate                           0x00001453   Thumb Code    54  rt_cmsis.o(.text)
    svcMutexWait                             0x00001489   Thumb Code    72  rt_cmsis.o(.text)
    svcMutexRelease                          0x000014d1   Thumb Code    48  rt_cmsis.o(.text)
    svcMutexDelete                           0x00001501   Thumb Code    38  rt_cmsis.o(.text)
    osMutexCreate                            0x00001527   Thumb Code    52  rt_cmsis.o(.text)
    osMutexWait                              0x0000155b   Thumb Code    32  rt_cmsis.o(.text)
    osMutexRelease                           0x0000157b   Thumb Code    28  rt_cmsis.o(.text)
    osMutexDelete                            0x00001597   Thumb Code    28  rt_cmsis.o(.text)
    svcSemaphoreCreate                       0x000015b3   Thumb Code    74  rt_cmsis.o(.text)
    svcSemaphoreWait                         0x000015fd   Thumb Code    72  rt_cmsis.o(.text)
    svcSemaphoreRelease                      0x00001645   Thumb Code    52  rt_cmsis.o(.text)
    svcSemaphoreDelete                       0x00001679   Thumb Code    38  rt_cmsis.o(.text)
    osSemaphoreCreate                        0x0000169f   Thumb Code    58  rt_cmsis.o(.text)
    osSemaphoreWait                          0x000016d9   Thumb Code    34  rt_cmsis.o(.text)
    osSemaphoreRelease                       0x000016fb   Thumb Code    74  rt_cmsis.o(.text)
    osSemaphoreDelete                        0x00001745   Thumb Code    28  rt_cmsis.o(.text)
    svcPoolCreate                            0x00001781   Thumb Code    56  rt_cmsis.o(.text)
    sysPoolAlloc                             0x000017b9   Thumb Code    34  rt_cmsis.o(.text)
    sysPoolFree                              0x000017db   Thumb Code    32  rt_cmsis.o(.text)
    osPoolCreate                             0x000017fb   Thumb Code    52  rt_cmsis.o(.text)
    osPoolAlloc                              0x0000182f   Thumb Code    46  rt_cmsis.o(.text)
    osPoolCAlloc                             0x0000185d   Thumb Code    46  rt_cmsis.o(.text)
    osPoolFree                               0x0000188b   Thumb Code    48  rt_cmsis.o(.text)
    svcMessagePut                            0x000018bb   Thumb Code    68  rt_cmsis.o(.text)
    osMessageCreate                          0x000018ff   Thumb Code    58  rt_cmsis.o(.text)
    osMessagePut                             0x00001939   Thumb Code    44  rt_cmsis.o(.text)
    svcMailCreate                            0x00001965   Thumb Code   102  rt_cmsis.o(.text)
    sysMailAlloc                             0x000019cb   Thumb Code   138  rt_cmsis.o(.text)
    sysMailFree                              0x00001a55   Thumb Code   126  rt_cmsis.o(.text)
    osMailCreate                             0x00001ad3   Thumb Code    58  rt_cmsis.o(.text)
    osMailAlloc                              0x00001b0d   Thumb Code    52  rt_cmsis.o(.text)
    osMailCAlloc                             0x00001b41   Thumb Code    52  rt_cmsis.o(.text)
    osMailFree                               0x00001b75   Thumb Code    42  rt_cmsis.o(.text)
    osMailPut                                0x00001b9f   Thumb Code    30  rt_cmsis.o(.text)
    osMailGet                                0x00001bbd   Thumb Code    56  rt_cmsis.o(.text)
    rt_evt_wait                              0x00001c01   Thumb Code   110  rt_event.o(.text)
    rt_evt_set                               0x00001c6f   Thumb Code   100  rt_event.o(.text)
    rt_evt_clr                               0x00001cd3   Thumb Code    26  rt_event.o(.text)
    isr_evt_set                              0x00001ced   Thumb Code    34  rt_event.o(.text)
    rt_evt_get                               0x00001d0f   Thumb Code     8  rt_event.o(.text)
    rt_evt_psh                               0x00001d17   Thumb Code    88  rt_event.o(.text)
    rt_put_prio                              0x00001d7d   Thumb Code    64  rt_list.o(.text)
    rt_get_first                             0x00001dbd   Thumb Code    50  rt_list.o(.text)
    rt_put_rdy_first                         0x00001def   Thumb Code    16  rt_list.o(.text)
    rt_get_same_rdy_prio                     0x00001dff   Thumb Code    34  rt_list.o(.text)
    rt_rmv_list                              0x00001e21   Thumb Code    48  rt_list.o(.text)
    rt_resort_prio                           0x00001e51   Thumb Code    48  rt_list.o(.text)
    rt_put_dly                               0x00001e81   Thumb Code    88  rt_list.o(.text)
    rt_dec_dly                               0x00001ed9   Thumb Code   130  rt_list.o(.text)
    rt_rmv_dly                               0x00001f5b   Thumb Code    40  rt_list.o(.text)
    rt_psq_enq                               0x00001f83   Thumb Code   112  rt_list.o(.text)
    rt_mbx_init                              0x00002009   Thumb Code    34  rt_mailbox.o(.text)
    rt_mbx_send                              0x0000202b   Thumb Code   184  rt_mailbox.o(.text)
    rt_mbx_wait                              0x000020e3   Thumb Code   208  rt_mailbox.o(.text)
    rt_mbx_check                             0x000021b3   Thumb Code    12  rt_mailbox.o(.text)
    isr_mbx_send                             0x000021bf   Thumb Code    22  rt_mailbox.o(.text)
    isr_mbx_receive                          0x000021d5   Thumb Code    92  rt_mailbox.o(.text)
    rt_mbx_psh                               0x00002231   Thumb Code   278  rt_mailbox.o(.text)
    _init_box                                0x00002351   Thumb Code    88  rt_membox.o(.text)
    rt_alloc_box                             0x000023a9   Thumb Code    30  rt_membox.o(.text)
    _calloc_box                              0x000023c7   Thumb Code    40  rt_membox.o(.text)
    rt_free_box                              0x000023ef   Thumb Code    36  rt_membox.o(.text)
    rt_init_mem                              0x00002413   Thumb Code    36  rt_memory.o(.text)
    rt_alloc_mem                             0x00002437   Thumb Code    86  rt_memory.o(.text)
    rt_free_mem                              0x0000248d   Thumb Code    54  rt_memory.o(.text)
    rt_mut_init                              0x000024c5   Thumb Code    18  rt_mutex.o(.text)
    rt_mut_delete                            0x000024d7   Thumb Code   126  rt_mutex.o(.text)
    rt_mut_release                           0x00002555   Thumb Code   188  rt_mutex.o(.text)
    rt_mut_wait                              0x00002611   Thumb Code   132  rt_mutex.o(.text)
    rt_init_robin                            0x0000269d   Thumb Code    14  rt_robin.o(.text)
    rt_chk_robin                             0x000026ab   Thumb Code    76  rt_robin.o(.text)
    rt_sem_init                              0x00002709   Thumb Code    16  rt_semaphore.o(.text)
    rt_sem_delete                            0x00002719   Thumb Code   100  rt_semaphore.o(.text)
    rt_sem_send                              0x0000277d   Thumb Code    50  rt_semaphore.o(.text)
    rt_sem_wait                              0x000027af   Thumb Code    76  rt_semaphore.o(.text)
    isr_sem_send                             0x000027fb   Thumb Code    20  rt_semaphore.o(.text)
    rt_sem_psh                               0x0000280f   Thumb Code    52  rt_semaphore.o(.text)
    rt_tsk_lock                              0x0000284d   Thumb Code   100  rt_system.o(.text)
    rt_suspend                               0x000028b1   Thumb Code    24  rt_system.o(.text)
    rt_tsk_unlock                            0x000028c9   Thumb Code   108  rt_system.o(.text)
    rt_resume                                0x00002935   Thumb Code   152  rt_system.o(.text)
    rt_psh_req                               0x000029cd   Thumb Code    24  rt_system.o(.text)
    rt_pop_req                               0x000029e5   Thumb Code   152  rt_system.o(.text)
    os_tick_init                             0x00002a7d   Thumb Code    42  rt_system.o(.text)
    os_tick_val                              0x00002aa7   Thumb Code    16  rt_system.o(.text)
    os_tick_ovf                              0x00002ab7   Thumb Code    12  rt_system.o(.text)
    os_tick_irqack                           0x00002ac3   Thumb Code     2  rt_system.o(.text)
    rt_systick                               0x00002ac5   Thumb Code    94  rt_system.o(.text)
    rt_stk_check                             0x00002b23   Thumb Code    40  rt_system.o(.text)
    rt_switch_req                            0x00002be7   Thumb Code    10  rt_task.o(.text)
    rt_dispatch                              0x00002bf1   Thumb Code    72  rt_task.o(.text)
    rt_block                                 0x00002c39   Thumb Code    48  rt_task.o(.text)
    rt_tsk_pass                              0x00002c69   Thumb Code    36  rt_task.o(.text)
    rt_tsk_self                              0x00002c8d   Thumb Code    18  rt_task.o(.text)
    rt_tsk_prio                              0x00002c9f   Thumb Code   126  rt_task.o(.text)
    rt_tsk_create                            0x00002d1d   Thumb Code    86  rt_task.o(.text)
    rt_tsk_delete                            0x00002d73   Thumb Code   172  rt_task.o(.text)
    rt_sys_init                              0x00002e1f   Thumb Code   222  rt_task.o(.text)
    rt_sys_start                             0x00002efd   Thumb Code    58  rt_task.o(.text)
    rt_time_get                              0x00002f85   Thumb Code     6  rt_time.o(.text)
    rt_dly_wait                              0x00002f8b   Thumb Code    14  rt_time.o(.text)
    rt_itv_set                               0x00002f99   Thumb Code    20  rt_time.o(.text)
    rt_itv_wait                              0x00002fad   Thumb Code    52  rt_time.o(.text)
    CLKPWR_SetPCLKDiv                        0x00002fe9   Thumb Code   106  lpc17xx_clkpwr.o(.text)
    CLKPWR_GetPCLKSEL                        0x00003053   Thumb Code    32  lpc17xx_clkpwr.o(.text)
    CLKPWR_GetPCLK                           0x00003073   Thumb Code    58  lpc17xx_clkpwr.o(.text)
    CLKPWR_ConfigPPWR                        0x000030ad   Thumb Code    50  lpc17xx_clkpwr.o(.text)
    CLKPWR_Sleep                             0x000030df   Thumb Code    10  lpc17xx_clkpwr.o(.text)
    CLKPWR_DeepSleep                         0x000030e9   Thumb Code    16  lpc17xx_clkpwr.o(.text)
    CLKPWR_PowerDown                         0x000030f9   Thumb Code    16  lpc17xx_clkpwr.o(.text)
    CLKPWR_DeepPowerDown                     0x00003109   Thumb Code    16  lpc17xx_clkpwr.o(.text)
    GPIO_SetDir                              0x000031d5   Thumb Code    40  lpc17xx_gpio.o(.text)
    GPIO_SetValue                            0x000031fd   Thumb Code    20  lpc17xx_gpio.o(.text)
    GPIO_ClearValue                          0x00003211   Thumb Code    20  lpc17xx_gpio.o(.text)
    GPIO_ReadValue                           0x00003225   Thumb Code    22  lpc17xx_gpio.o(.text)
    GPIO_IntCmd                              0x0000323b   Thumb Code    54  lpc17xx_gpio.o(.text)
    GPIO_GetIntStatus                        0x00003271   Thumb Code    86  lpc17xx_gpio.o(.text)
    GPIO_ClearInt                            0x000032c7   Thumb Code    24  lpc17xx_gpio.o(.text)
    FIO_SetDir                               0x000032df   Thumb Code    20  lpc17xx_gpio.o(.text)
    FIO_SetValue                             0x000032f3   Thumb Code    16  lpc17xx_gpio.o(.text)
    FIO_ClearValue                           0x00003303   Thumb Code    16  lpc17xx_gpio.o(.text)
    FIO_ReadValue                            0x00003313   Thumb Code    12  lpc17xx_gpio.o(.text)
    FIO_IntCmd                               0x0000331f   Thumb Code    20  lpc17xx_gpio.o(.text)
    FIO_GetIntStatus                         0x00003333   Thumb Code    20  lpc17xx_gpio.o(.text)
    FIO_ClearInt                             0x00003347   Thumb Code    16  lpc17xx_gpio.o(.text)
    FIO_SetMask                              0x00003357   Thumb Code    40  lpc17xx_gpio.o(.text)
    FIO_HalfWordSetDir                       0x0000337f   Thumb Code    62  lpc17xx_gpio.o(.text)
    FIO_HalfWordSetMask                      0x000033bd   Thumb Code    62  lpc17xx_gpio.o(.text)
    FIO_HalfWordSetValue                     0x000033fb   Thumb Code    32  lpc17xx_gpio.o(.text)
    FIO_HalfWordClearValue                   0x0000341b   Thumb Code    32  lpc17xx_gpio.o(.text)
    FIO_HalfWordReadValue                    0x0000343b   Thumb Code    30  lpc17xx_gpio.o(.text)
    FIO_ByteSetDir                           0x00003459   Thumb Code    50  lpc17xx_gpio.o(.text)
    FIO_ByteSetMask                          0x0000348b   Thumb Code    66  lpc17xx_gpio.o(.text)
    FIO_ByteSetValue                         0x000034cd   Thumb Code    34  lpc17xx_gpio.o(.text)
    FIO_ByteClearValue                       0x000034ef   Thumb Code    34  lpc17xx_gpio.o(.text)
    FIO_ByteReadValue                        0x00003511   Thumb Code    76  lpc17xx_gpio.o(.text)
    SSP_Init                                 0x000035df   Thumb Code   100  lpc17xx_ssp.o(.text)
    SSP_DeInit                               0x00003643   Thumb Code    60  lpc17xx_ssp.o(.text)
    SSP_GetDataSize                          0x0000367f   Thumb Code    34  lpc17xx_ssp.o(.text)
    SSP_ConfigStructInit                     0x000036a1   Thumb Code    22  lpc17xx_ssp.o(.text)
    SSP_Cmd                                  0x000036b7   Thumb Code    68  lpc17xx_ssp.o(.text)
    SSP_LoopBackCmd                          0x000036fb   Thumb Code    68  lpc17xx_ssp.o(.text)
    SSP_SlaveOutputCmd                       0x0000373f   Thumb Code    72  lpc17xx_ssp.o(.text)
    SSP_SendData                             0x00003787   Thumb Code    36  lpc17xx_ssp.o(.text)
    SSP_ReceiveData                          0x000037ab   Thumb Code    34  lpc17xx_ssp.o(.text)
    SSP_ReadWrite                            0x000037cd   Thumb Code   566  lpc17xx_ssp.o(.text)
    SSP_GetStatus                            0x00003a03   Thumb Code    76  lpc17xx_ssp.o(.text)
    SSP_IntConfig                            0x00003a4f   Thumb Code    56  lpc17xx_ssp.o(.text)
    SSP_GetRawIntStatus                      0x00003a87   Thumb Code    72  lpc17xx_ssp.o(.text)
    SSP_GetRawIntStatusReg                   0x00003acf   Thumb Code    32  lpc17xx_ssp.o(.text)
    SSP_GetIntStatus                         0x00003aef   Thumb Code    72  lpc17xx_ssp.o(.text)
    SSP_ClearIntPending                      0x00003b37   Thumb Code    54  lpc17xx_ssp.o(.text)
    SSP_DMACmd                               0x00003b6d   Thumb Code    94  lpc17xx_ssp.o(.text)
    PINSEL_ConfigTraceFunc                   0x00003c7f   Thumb Code    34  lpc17xx_pinsel.o(.text)
    PINSEL_SetI2C0Pins                       0x00003ca1   Thumb Code    16  lpc17xx_pinsel.o(.text)
    PINSEL_ConfigPin                         0x00003cb1   Thumb Code    36  lpc17xx_pinsel.o(.text)
    UARTPutChar                              0x00003cd9   Thumb Code    18  debug_frmwrk.o(.text)
    UARTGetChar                              0x00003ceb   Thumb Code    26  debug_frmwrk.o(.text)
    UARTPuts                                 0x00003d05   Thumb Code    28  debug_frmwrk.o(.text)
    UARTPuts_                                0x00003d21   Thumb Code    24  debug_frmwrk.o(.text)
    UARTPutDec                               0x00003d39   Thumb Code    96  debug_frmwrk.o(.text)
    UARTPutDec16                             0x00003d99   Thumb Code   160  debug_frmwrk.o(.text)
    UARTPutDec32                             0x00003e39   Thumb Code   280  debug_frmwrk.o(.text)
    UARTPutHex                               0x00003f51   Thumb Code    66  debug_frmwrk.o(.text)
    UARTPutHex16                             0x00003f93   Thumb Code    66  debug_frmwrk.o(.text)
    UARTPutHex32                             0x00003fd5   Thumb Code    66  debug_frmwrk.o(.text)
    debug_frmwrk_init                        0x00004017   Thumb Code   158  debug_frmwrk.o(.text)
    UART_Init                                0x000042cd   Thumb Code   482  lpc17xx_uart.o(.text)
    UART_TxCmd                               0x000044af   Thumb Code   150  lpc17xx_uart.o(.text)
    UART_DeInit                              0x00004545   Thumb Code   110  lpc17xx_uart.o(.text)
    UART_ConfigStructInit                    0x000045b3   Thumb Code    18  lpc17xx_uart.o(.text)
    UART_SendByte                            0x000045c5   Thumb Code    56  lpc17xx_uart.o(.text)
    UART_ReceiveByte                         0x000045fd   Thumb Code    54  lpc17xx_uart.o(.text)
    UART_Send                                0x00004633   Thumb Code   150  lpc17xx_uart.o(.text)
    UART_Receive                             0x000046c9   Thumb Code   122  lpc17xx_uart.o(.text)
    UART_ForceBreak                          0x00004743   Thumb Code    66  lpc17xx_uart.o(.text)
    UART_IntConfig                           0x00004785   Thumb Code   252  lpc17xx_uart.o(.text)
    UART_GetLineStatus                       0x00004881   Thumb Code    54  lpc17xx_uart.o(.text)
    UART_GetIntId                            0x000048b7   Thumb Code    50  lpc17xx_uart.o(.text)
    UART_CheckBusy                           0x000048e9   Thumb Code    18  lpc17xx_uart.o(.text)
    UART_FIFOConfig                          0x000048fb   Thumb Code   264  lpc17xx_uart.o(.text)
    UART_FIFOConfigStructInit                0x00004a03   Thumb Code    14  lpc17xx_uart.o(.text)
    UART_ABCmd                               0x00004a11   Thumb Code   188  lpc17xx_uart.o(.text)
    UART_ABClearIntPending                   0x00004acd   Thumb Code    64  lpc17xx_uart.o(.text)
    UART_IrDAInvtInputCmd                    0x00004b0d   Thumb Code    76  lpc17xx_uart.o(.text)
    UART_IrDACmd                             0x00004b59   Thumb Code    74  lpc17xx_uart.o(.text)
    UART_IrDAPulseDivConfig                  0x00004ba3   Thumb Code    98  lpc17xx_uart.o(.text)
    UART_FullModemForcePinState              0x00004c05   Thumb Code   112  lpc17xx_uart.o(.text)
    UART_FullModemConfigMode                 0x00004c75   Thumb Code   122  lpc17xx_uart.o(.text)
    UART_FullModemGetStatus                  0x00004cef   Thumb Code    26  lpc17xx_uart.o(.text)
    UART_RS485Config                         0x00004d09   Thumb Code   304  lpc17xx_uart.o(.text)
    UART_RS485ReceiverCmd                    0x00004e39   Thumb Code    32  lpc17xx_uart.o(.text)
    UART_RS485Send                           0x00004e59   Thumb Code    84  lpc17xx_uart.o(.text)
    UART_RS485SendSlvAddr                    0x00004ead   Thumb Code    18  lpc17xx_uart.o(.text)
    UART_RS485SendData                       0x00004ebf   Thumb Code    22  lpc17xx_uart.o(.text)
    __SVC_1                                  0x000050ab   Thumb Code   378  uartn.o(.text)
    __SVC_2                                  0x00005225   Thumb Code   346  uartn.o(.text)
    __SVC_3                                  0x0000537f   Thumb Code   232  uartn.o(.text)
    __SVC_19                                 0x00005467   Thumb Code    58  uartn.o(.text)
    UART0_IRQHandler                         0x000054a1   Thumb Code   128  uartn.o(.text)
    UART1_IRQHandler                         0x00005521   Thumb Code   118  uartn.o(.text)
    UART2_IRQHandler                         0x00005597   Thumb Code   118  uartn.o(.text)
    UART3_IRQHandler                         0x0000560d   Thumb Code   118  uartn.o(.text)
    write_PHY                                0x00005705   Thumb Code    48  emac.o(.text)
    read_PHY                                 0x00005735   Thumb Code    62  emac.o(.text)
    rx_descr_init                            0x00005773   Thumb Code   106  emac.o(.text)
    tx_descr_init                            0x000057dd   Thumb Code    96  emac.o(.text)
    Init_EMAC                                0x000059f5   Thumb Code   124  emac.o(.text)
    ReadFrame_EMAC                           0x00005a71   Thumb Code    18  emac.o(.text)
    ReadFrameBE_EMAC                         0x00005a83   Thumb Code    28  emac.o(.text)
    CopyFromFrame_EMAC                       0x00005a9f   Thumb Code    36  emac.o(.text)
    DummyReadFrame_EMAC                      0x00005ac3   Thumb Code    20  emac.o(.text)
    StartReadFrame                           0x00005ad7   Thumb Code    40  emac.o(.text)
    EndReadFrame                             0x00005aff   Thumb Code    22  emac.o(.text)
    CheckFrameReceived                       0x00005b15   Thumb Code    24  emac.o(.text)
    RequestSend                              0x00005b2d   Thumb Code   128  emac.o(.text)
    Rdy4Tx                                   0x00005bad   Thumb Code     4  emac.o(.text)
    WriteFrame_EMAC                          0x00005bb1   Thumb Code    18  emac.o(.text)
    CopyToFrame_EMAC                         0x00005bc3   Thumb Code    56  emac.o(.text)
    __SVC_4                                  0x00005c05   Thumb Code   128  ethernet.o(.text)
    __SVC_5                                  0x00005c85   Thumb Code   270  ethernet.o(.text)
    __SVC_6                                  0x00005d93   Thumb Code    60  ethernet.o(.text)
    liberar                                  0x00005dcf   Thumb Code    62  ethernet.o(.text)
    __SVC_8                                  0x00005e0d   Thumb Code    82  ethernet.o(.text)
    add_element                              0x00005e5f   Thumb Code    82  ethernet.o(.text)
    check_struct                             0x00005eb1   Thumb Code    58  ethernet.o(.text)
    __SVC_7                                  0x00005eeb   Thumb Code   496  ethernet.o(.text)
    TCPLowLevelInit                          0x000060f9   Thumb Code    26  tcpip.o(.text)
    TCPPassiveOpen                           0x00006113   Thumb Code    38  tcpip.o(.text)
    TCPStartRetryTimer                       0x00006139   Thumb Code    36  tcpip.o(.text)
    PrepareARP_REQUEST                       0x0000615d   Thumb Code   160  tcpip.o(.text)
    TCPActiveOpen                            0x000061fd   Thumb Code    60  tcpip.o(.text)
    TCPClose                                 0x00006239   Thumb Code    60  tcpip.o(.text)
    TCPReleaseRxBuffer                       0x00006275   Thumb Code    14  tcpip.o(.text)
    TCPTransmitTxBuffer                      0x00006283   Thumb Code    88  tcpip.o(.text)
    IsBroadcast                              0x000062db   Thumb Code    70  tcpip.o(.text)
    SendFrame1                               0x00006321   Thumb Code    14  tcpip.o(.text)
    SwapBytes                                0x0000632f   Thumb Code    12  tcpip.o(.text)
    CalcChecksum                             0x0000633b   Thumb Code    90  tcpip.o(.text)
    WriteDWBE                                0x00006395   Thumb Code    22  tcpip.o(.text)
    WriteWBE                                 0x000063ab   Thumb Code    10  tcpip.o(.text)
    PrepareTCP_DATA_FRAME                    0x000063b5   Thumb Code   194  tcpip.o(.text)
    SendFrame2                               0x00006477   Thumb Code    14  tcpip.o(.text)
    PrepareTCP_FRAME                         0x00006485   Thumb Code   406  tcpip.o(.text)
    TCPHandleTimeout                         0x0000661b   Thumb Code    40  tcpip.o(.text)
    TCPStopTimer                             0x00006643   Thumb Code    14  tcpip.o(.text)
    TCPHandleRetransmission                  0x00006651   Thumb Code    68  tcpip.o(.text)
    TCPRestartTimer                          0x00006695   Thumb Code     8  tcpip.o(.text)
    TCPStartTimeWaitTimer                    0x0000669d   Thumb Code    30  tcpip.o(.text)
    ProcessTCPFrame                          0x000066bb   Thumb Code  1008  tcpip.o(.text)
    PrepareICMP_ECHO_REPLY                   0x00006aab   Thumb Code   176  tcpip.o(.text)
    ProcessICMPFrame                         0x00006b5b   Thumb Code    28  tcpip.o(.text)
    ProcessEthIAFrame                        0x00006b77   Thumb Code   206  tcpip.o(.text)
    PrepareARP_ANSWER                        0x00006c45   Thumb Code   112  tcpip.o(.text)
    ProcessEthBroadcastFrame                 0x00006cb5   Thumb Code    98  tcpip.o(.text)
    DoNetworkStuff                           0x00006d17   Thumb Code   562  tcpip.o(.text)
    TCPClockHandler                          0x00006f49   Thumb Code    22  tcpip.o(.text)
    __SVC_9                                  0x00006f91   Thumb Code   140  lcd_so.o(.text)
    __SVC_10                                 0x0000701d   Thumb Code   226  lcd_so.o(.text)
    __SVC_11                                 0x000070ff   Thumb Code    68  lcd_so.o(.text)
    writeCommand                             0x00007159   Thumb Code   104  lcddriver.o(.text)
    writeRegister                            0x000071c1   Thumb Code   148  lcddriver.o(.text)
    goTo                                     0x00007255   Thumb Code    30  lcddriver.o(.text)
    goHome                                   0x00007273   Thumb Code    12  lcddriver.o(.text)
    writeData_unsafe                         0x0000727f   Thumb Code    44  lcddriver.o(.text)
    drawChar                                 0x000072ab   Thumb Code   238  lcddriver.o(.text)
    drawString                               0x00007399   Thumb Code    82  lcddriver.o(.text)
    drawPixel                                0x000073eb   Thumb Code    72  lcddriver.o(.text)
    drawCircle                               0x00007433   Thumb Code   234  lcddriver.o(.text)
    setRotation                              0x0000751d   Thumb Code   154  lcddriver.o(.text)
    drawFastLine                             0x000075b7   Thumb Code   150  lcddriver.o(.text)
    drawVerticalLine                         0x0000764d   Thumb Code    42  lcddriver.o(.text)
    fillCircle                               0x00007677   Thumb Code   196  lcddriver.o(.text)
    fillScreen                               0x0000773b   Thumb Code    50  lcddriver.o(.text)
    drawHorizontalLine                       0x0000776d   Thumb Code    42  lcddriver.o(.text)
    drawRect                                 0x00007797   Thumb Code    76  lcddriver.o(.text)
    fillRect                                 0x000077e3   Thumb Code   158  lcddriver.o(.text)
    drawLine                                 0x00007881   Thumb Code   166  lcddriver.o(.text)
    LCD_IO_Configuration                     0x00007927   Thumb Code    44  lcddriver.o(.text)
    lcdDelay                                 0x00007953   Thumb Code    44  lcddriver.o(.text)
    lcdInitDisplay                           0x0000797f   Thumb Code   108  lcddriver.o(.text)
    writeData                                0x000079eb   Thumb Code   114  lcddriver.o(.text)
    reset                                    0x00007a5d   Thumb Code    46  lcddriver.o(.text)
    getRotation                              0x00007a8b   Thumb Code     6  lcddriver.o(.text)
    readData                                 0x00007a91   Thumb Code   136  lcddriver.o(.text)
    readRegister                             0x00007b19   Thumb Code    22  lcddriver.o(.text)
    LCD_Initializtion                        0x00007ccb   Thumb Code  8072  glcd.o(.text)
    LCD_Clear                                0x00009c53   Thumb Code  2254  glcd.o(.text)
    LCD_SetPoint                             0x0000a521   Thumb Code   996  glcd.o(.text)
    LCD_DrawLine                             0x0000a905   Thumb Code   254  glcd.o(.text)
    PutChar                                  0x0000aa03   Thumb Code   100  glcd.o(.text)
    GUI_Text                                 0x0000aa67   Thumb Code    80  glcd.o(.text)
    TP_Init                                  0x0000aab9   Thumb Code   176  touchpanel.o(.text)
    Read_X                                   0x0000abe3   Thumb Code    42  touchpanel.o(.text)
    Read_Y                                   0x0000ac0d   Thumb Code    42  touchpanel.o(.text)
    TP_GetAdXY                               0x0000ac37   Thumb Code    34  touchpanel.o(.text)
    TP_DrawPoint                             0x0000ac59   Thumb Code    64  touchpanel.o(.text)
    DrawCross                                0x0000ac99   Thumb Code   356  touchpanel.o(.text)
    Read_Ads7846                             0x0000adfd   Thumb Code   520  touchpanel.o(.text)
    setCalibrationMatrix                     0x0000b005   Thumb Code   356  touchpanel.o(.text)
    getDisplayPoint                          0x0000b169   Thumb Code   238  touchpanel.o(.text)
    TouchPanel_Calibrate                     0x0000b257   Thumb Code   108  touchpanel.o(.text)
    __SVC_12                                 0x0000b2f9   Thumb Code    94  touchpanel_os.o(.text)
    __SVC_13                                 0x0000b357   Thumb Code    52  touchpanel_os.o(.text)
    __SVC_18                                 0x0000b38b   Thumb Code    50  touchpanel_os.o(.text)
    __SVC_14                                 0x0000b3d1   Thumb Code   180  file_os.o(.text)
    __SVC_15                                 0x0000b485   Thumb Code   256  file_os.o(.text)
    scan_files                               0x0000b585   Thumb Code   142  file_os.o(.text)
    SD_TotalSize                             0x0000b613   Thumb Code    60  file_os.o(.text)
    __SVC_16                                 0x0000b64f   Thumb Code   122  file_os.o(.text)
    __SVC_17                                 0x0000b6c9   Thumb Code   188  file_os.o(.text)
    Delay                                    0x0000b785   Thumb Code    10  file_os.o(.text)
    fputc                                    0x0000b78f   Thumb Code   798  file_os.o(.text)
    clust2sect                               0x0000bc51   Thumb Code    26  ff.o(.text)
    get_fat                                  0x0000bc6b   Thumb Code   228  ff.o(.text)
    put_fat                                  0x0000bd4f   Thumb Code   314  ff.o(.text)
    f_mount                                  0x0000c94f   Thumb Code    38  ff.o(.text)
    f_open                                   0x0000c975   Thumb Code   360  ff.o(.text)
    f_read                                   0x0000cadd   Thumb Code   474  ff.o(.text)
    f_write                                  0x0000ccb7   Thumb Code   524  ff.o(.text)
    f_sync                                   0x0000cec3   Thumb Code   182  ff.o(.text)
    f_close                                  0x0000cf79   Thumb Code    22  ff.o(.text)
    f_lseek                                  0x0000cf8f   Thumb Code   432  ff.o(.text)
    f_opendir                                0x0000d13f   Thumb Code   110  ff.o(.text)
    f_readdir                                0x0000d1ad   Thumb Code    88  ff.o(.text)
    f_stat                                   0x0000d205   Thumb Code    58  ff.o(.text)
    f_getfree                                0x0000d23f   Thumb Code   276  ff.o(.text)
    f_truncate                               0x0000d353   Thumb Code   156  ff.o(.text)
    f_unlink                                 0x0000d3ef   Thumb Code   178  ff.o(.text)
    f_mkdir                                  0x0000d4a1   Thumb Code   384  ff.o(.text)
    f_chmod                                  0x0000d621   Thumb Code    84  ff.o(.text)
    f_utime                                  0x0000d675   Thumb Code    86  ff.o(.text)
    f_rename                                 0x0000d6cb   Thumb Code   288  ff.o(.text)
    MSD_SPIHighSpeed                         0x0000d7ed   Thumb Code    44  spi_msd_driver.o(.text)
    MSD_SPI_Configuration                    0x0000d819   Thumb Code   188  spi_msd_driver.o(.text)
    _send_command_hold                       0x0000d8d5   Thumb Code   110  spi_msd_driver.o(.text)
    _send_command                            0x0000d943   Thumb Code   126  spi_msd_driver.o(.text)
    MSD_Init                                 0x0000d9c1   Thumb Code  1026  spi_msd_driver.o(.text)
    _read_buffer                             0x0000ddc3   Thumb Code   132  spi_msd_driver.o(.text)
    MSD_GetCardInfo                          0x0000de47   Thumb Code   874  spi_msd_driver.o(.text)
    MSD_ReadSingleBlock                      0x0000e1b1   Thumb Code    62  spi_msd_driver.o(.text)
    MSD_ReadMultiBlock                       0x0000e1ef   Thumb Code   128  spi_msd_driver.o(.text)
    MSD_WriteSingleBlock                     0x0000e26f   Thumb Code   200  spi_msd_driver.o(.text)
    MSD_WriteMultiBlock                      0x0000e337   Thumb Code   296  spi_msd_driver.o(.text)
    disk_initialize                          0x0000e465   Thumb Code    44  diskio.o(.text)
    disk_status                              0x0000e491   Thumb Code    34  diskio.o(.text)
    disk_read                                0x0000e4b3   Thumb Code    82  diskio.o(.text)
    disk_write                               0x0000e505   Thumb Code    76  diskio.o(.text)
    disk_ioctl                               0x0000e551   Thumb Code   100  diskio.o(.text)
    get_fattime                              0x0000e5b5   Thumb Code     4  diskio.o(.text)
    __aeabi_uldivmod                         0x0000e5bd   Thumb Code    98  uldiv.o(.text)
    __aeabi_memcpy                           0x0000e61f   Thumb Code    36  memcpya.o(.text)
    __aeabi_memcpy4                          0x0000e61f   Thumb Code     0  memcpya.o(.text)
    __aeabi_memcpy8                          0x0000e61f   Thumb Code     0  memcpya.o(.text)
    __aeabi_memset                           0x0000e643   Thumb Code    14  memseta.o(.text)
    __aeabi_memset4                          0x0000e643   Thumb Code     0  memseta.o(.text)
    __aeabi_memset8                          0x0000e643   Thumb Code     0  memseta.o(.text)
    __aeabi_memclr                           0x0000e651   Thumb Code     4  memseta.o(.text)
    __aeabi_memclr4                          0x0000e651   Thumb Code     0  memseta.o(.text)
    __aeabi_memclr8                          0x0000e651   Thumb Code     0  memseta.o(.text)
    _memset$wrapper                          0x0000e655   Thumb Code    18  memseta.o(.text)
    strcmp                                   0x0000e667   Thumb Code    28  strcmp.o(.text)
    memcmp                                   0x0000e683   Thumb Code    26  memcmp.o(.text)
    __aeabi_dadd                             0x0000e69d   Thumb Code   322  dadd.o(.text)
    __aeabi_dsub                             0x0000e7df   Thumb Code     6  dadd.o(.text)
    __aeabi_drsub                            0x0000e7e5   Thumb Code     6  dadd.o(.text)
    __aeabi_dmul                             0x0000e7eb   Thumb Code   228  dmul.o(.text)
    __aeabi_ddiv                             0x0000e8cf   Thumb Code   222  ddiv.o(.text)
    __aeabi_i2d                              0x0000e9ad   Thumb Code    34  dflti.o(.text)
    __aeabi_ui2d                             0x0000e9cf   Thumb Code    26  dfltui.o(.text)
    __aeabi_d2uiz                            0x0000e9e9   Thumb Code    50  dfixui.o(.text)
    __aeabi_cdcmpeq                          0x0000ea1d   Thumb Code     0  cdcmple.o(.text)
    __aeabi_cdcmple                          0x0000ea1d   Thumb Code    38  cdcmple.o(.text)
    __aeabi_llsl                             0x0000ea45   Thumb Code    30  llshl.o(.text)
    _ll_shift_l                              0x0000ea45   Thumb Code     0  llshl.o(.text)
    __aeabi_llsr                             0x0000ea63   Thumb Code    32  llushr.o(.text)
    _ll_ushift_r                             0x0000ea63   Thumb Code     0  llushr.o(.text)
    __aeabi_lasr                             0x0000ea83   Thumb Code    36  llsshr.o(.text)
    _ll_sshift_r                             0x0000ea83   Thumb Code     0  llsshr.o(.text)
    _double_round                            0x0000eaa7   Thumb Code    26  depilogue.o(.text)
    _double_epilogue                         0x0000eac1   Thumb Code   164  depilogue.o(.text)
    __scatterload                            0x0000eb65   Thumb Code    28  init.o(.text)
    __scatterload_rt2                        0x0000eb65   Thumb Code     0  init.o(.text)
    __decompress                             0x0000eb89   Thumb Code     0  __dczerorl2.o(.text)
    __decompress1                            0x0000eb89   Thumb Code    92  __dczerorl2.o(.text)
    SVC_Count                                0x0000ebe4   Data           4  svc_table.o(SVC_TABLE)
    SVC_Table                                0x0000ebe8   Data           0  svc_table.o(SVC_TABLE)
    __0printf$8                              0x0000ec35   Thumb Code    22  printf8.o(i.__0printf$8)
    __1printf$8                              0x0000ec35   Thumb Code     0  printf8.o(i.__0printf$8)
    __2printf                                0x0000ec35   Thumb Code     0  printf8.o(i.__0printf$8)
    __0sprintf$8                             0x0000ec55   Thumb Code    34  printf8.o(i.__0sprintf$8)
    __1sprintf$8                             0x0000ec55   Thumb Code     0  printf8.o(i.__0sprintf$8)
    __2sprintf                               0x0000ec55   Thumb Code     0  printf8.o(i.__0sprintf$8)
    __scatterload_null                       0x0000ec7d   Thumb Code     2  handlers.o(i.__scatterload_null)
    __scatterload_zeroinit                   0x0000ec7f   Thumb Code    14  handlers.o(i.__scatterload_zeroinit)
    _spi_read_write                          0x0000f0ed   Thumb Code    48  spi_msd_driver.o(i._spi_read_write)
    os_thread_def_uart_thread                0x0000f12c   Data          16  main_all.o(.constdata)
    os_thread_def_ethernet_thread            0x0000f13c   Data          16  main_all.o(.constdata)
    os_thread_def_lcd_thread                 0x0000f14c   Data          16  main_all.o(.constdata)
    os_thread_def_touch_thread               0x0000f15c   Data          16  main_all.o(.constdata)
    os_thread_def_file_thread                0x0000f16c   Data          16  main_all.o(.constdata)
    os_maxtaskrun                            0x0000f1c4   Data           2  rtx_conf_cm.o(.constdata)
    os_stackinfo                             0x0000f1c8   Data           4  rtx_conf_cm.o(.constdata)
    os_rrobin                                0x0000f1cc   Data           4  rtx_conf_cm.o(.constdata)
    os_tickfreq                              0x0000f1d0   Data           4  rtx_conf_cm.o(.constdata)
    os_tickus_i                              0x0000f1d4   Data           2  rtx_conf_cm.o(.constdata)
    os_tickus_f                              0x0000f1d6   Data           2  rtx_conf_cm.o(.constdata)
    os_trv                                   0x0000f1d8   Data           4  rtx_conf_cm.o(.constdata)
    os_flags                                 0x0000f1dc   Data           1  rtx_conf_cm.o(.constdata)
    os_clockrate                             0x0000f1e0   Data           4  rtx_conf_cm.o(.constdata)
    os_timernum                              0x0000f1e4   Data           4  rtx_conf_cm.o(.constdata)
    mp_tcb_size                              0x0000f1e8   Data           2  rtx_conf_cm.o(.constdata)
    mp_stk_size                              0x0000f1ec   Data           4  rtx_conf_cm.o(.constdata)
    os_stack_sz                              0x0000f1f0   Data           4  rtx_conf_cm.o(.constdata)
    os_fifo_size                             0x0000f1f4   Data           1  rtx_conf_cm.o(.constdata)
    os_messageQ_def_osTimerMessageQ          0x0000f1f8   Data           8  rtx_conf_cm.o(.constdata)
    mp_tmr_size                              0x0000f200   Data           2  rtx_conf_cm.o(.constdata)
    MyIP                                     0x0000f28c   Data           4  ethernet.o(.constdata)
    SubnetMask                               0x0000f290   Data           4  ethernet.o(.constdata)
    GatewayIP                                0x0000f294   Data           4  ethernet.o(.constdata)
    MyMAC                                    0x0000f298   Data           6  tcpip.o(.constdata)
    FONT8x8                                  0x0000f29e   Data         776  font.o(.constdata)
    FONT8x16                                 0x0000f5a6   Data        1552  font.o(.constdata)
    FONT16x24                                0x0000fbb6   Data        4656  font.o(.constdata)
    Region$$Table$$Base                      0x00011544   Number         0  anon$$obj.o(Region$$Table)
    Region$$Table$$Limit                     0x00011564   Number         0  anon$$obj.o(Region$$Table)
    SystemCoreClock                          0x10000000   Data           4  system_lpc17xx.o(.data)
    buffer_aux                               0x10000004   Data          13  main_all.o(.data)
    buffer_read_eth                          0x10000011   Data          38  main_all.o(.data)
    path                                     0x10000037   Data         512  main_all.o(.data)
    text                                     0x10000237   Data          39  main_all.o(.data)
    file                                     0x1000025e   Data          12  main_all.o(.data)
    directory                                0x1000026a   Data          11  main_all.o(.data)
    file_Dir                                 0x10000275   Data          24  main_all.o(.data)
    file_text                                0x1000028d   Data          42  main_all.o(.data)
    uart_id                                  0x100002b8   Data           4  main_all.o(.data)
    ethernet_id                              0x100002bc   Data           4  main_all.o(.data)
    lcd_id                                   0x100002c0   Data           4  main_all.o(.data)
    touch_id                                 0x100002c4   Data           4  main_all.o(.data)
    file_id                                  0x100002c8   Data           4  main_all.o(.data)
    aux                                      0x100002cc   Data           4  main_all.o(.data)
    aux_eth                                  0x100002d0   Data           4  main_all.o(.data)
    ethernet                                 0x100002d4   Data           4  main_all.o(.data)
    s_lcd                                    0x100002d8   Data           4  main_all.o(.data)
    m_tmr                                    0x100002dc   Data           4  rtx_conf_cm.o(.data)
    os_thread_def_main                       0x100002e0   Data          16  rtx_conf_cm.o(.data)
    osThreadId_osTimerThread                 0x100002f0   Data           4  rtx_conf_cm.o(.data)
    osMessageQId_osTimerMessageQ             0x100002f4   Data           4  rtx_conf_cm.o(.data)
    os_initialized                           0x100002f8   Data           1  rt_cmsis.o(.data)
    os_running                               0x100002f9   Data           1  rt_cmsis.o(.data)
    os_timer_head                            0x100002fc   Data           4  rt_cmsis.o(.data)
    os_robin                                 0x10000300   Data           8  rt_robin.o(.data)
    TimeTick                                 0x10000308   Data           4  rt_system.o(.data)
    os_tick_irqn                             0x1000030c   Data           4  rt_system.o(.data)
    os_tsk                                   0x10000314   Data           8  rt_task.o(.data)
    os_time                                  0x1000031c   Data           4  rt_time.o(.data)
    _db_msg                                  0x10000320   Data           4  debug_frmwrk.o(.data)
    _db_msg_                                 0x10000324   Data           4  debug_frmwrk.o(.data)
    _db_char                                 0x10000328   Data           4  debug_frmwrk.o(.data)
    _db_dec                                  0x1000032c   Data           4  debug_frmwrk.o(.data)
    _db_dec_16                               0x10000330   Data           4  debug_frmwrk.o(.data)
    _db_dec_32                               0x10000334   Data           4  debug_frmwrk.o(.data)
    _db_hex                                  0x10000338   Data           4  debug_frmwrk.o(.data)
    _db_hex_16                               0x1000033c   Data           4  debug_frmwrk.o(.data)
    _db_hex_32                               0x10000340   Data           4  debug_frmwrk.o(.data)
    _db_get_char                             0x10000344   Data           4  debug_frmwrk.o(.data)
    solo_rx                                  0x10000348   Data           1  uartn.o(.data)
    solo_tx                                  0x10000349   Data           1  uartn.o(.data)
    u_reserved                               0x1000034c   Data           4  uartn.o(.data)
    ptr_rx_0                                 0x10000350   Data           4  uartn.o(.data)
    ptr_rx_1                                 0x10000354   Data           4  uartn.o(.data)
    ptr_rx_2                                 0x10000358   Data           4  uartn.o(.data)
    ptr_rx_3                                 0x1000035c   Data           4  uartn.o(.data)
    rx_completa_0                            0x10000360   Data           1  uartn.o(.data)
    rx_completa_1                            0x10000361   Data           1  uartn.o(.data)
    rx_completa_2                            0x10000362   Data           1  uartn.o(.data)
    rx_completa_3                            0x10000363   Data           1  uartn.o(.data)
    ptr_tx_0                                 0x10000364   Data           4  uartn.o(.data)
    ptr_tx_1                                 0x10000368   Data           4  uartn.o(.data)
    ptr_tx_2                                 0x1000036c   Data           4  uartn.o(.data)
    ptr_tx_3                                 0x10000370   Data           4  uartn.o(.data)
    tx_completa_0                            0x10000374   Data           1  uartn.o(.data)
    tx_completa_1                            0x10000375   Data           1  uartn.o(.data)
    tx_completa_2                            0x10000376   Data           1  uartn.o(.data)
    tx_completa_3                            0x10000377   Data           1  uartn.o(.data)
    usync                                    0x10000378   Data           4  uartn.o(.data)
    auxPort                                  0x10000384   Data           2  ethernet.o(.data)
    P_Open                                   0x10000386   Data           1  ethernet.o(.data)
    A_Open                                   0x10000387   Data           1  ethernet.o(.data)
    i                                        0x10000388   Data           1  ethernet.o(.data)
    e_reserved                               0x1000038c   Data           4  ethernet.o(.data)
    first                                    0x10000390   Data           4  ethernet.o(.data)
    last                                     0x10000394   Data           4  ethernet.o(.data)
    run                                      0x10000398   Data           4  ethernet.o(.data)
    activar_systick                          0x1000039c   Data           2  ethernet.o(.data)
    TCPStateMachine                          0x1000039e   Data           1  ethernet.o(.data)
    LastFrameSent                            0x1000039f   Data           1  ethernet.o(.data)
    ISNGenHigh                               0x100003a0   Data           2  ethernet.o(.data)
    TCPSeqNr                                 0x100003a4   Data           4  ethernet.o(.data)
    TCPUNASeqNr                              0x100003a8   Data           4  ethernet.o(.data)
    TCPAckNr                                 0x100003ac   Data           4  ethernet.o(.data)
    TCPTimer                                 0x100003b0   Data           1  ethernet.o(.data)
    RetryCounter                             0x100003b1   Data           1  ethernet.o(.data)
    RecdFrameLength                          0x100003b2   Data           2  ethernet.o(.data)
    RecdFrameMAC                             0x100003b4   Data           6  ethernet.o(.data)
    RecdFrameIP                              0x100003ba   Data           4  ethernet.o(.data)
    RecdIPFrameLength                        0x100003be   Data           2  ethernet.o(.data)
    TxFrame1Size                             0x100003c0   Data           2  ethernet.o(.data)
    TxFrame2Size                             0x100003c2   Data           1  ethernet.o(.data)
    TransmitControl                          0x100003c3   Data           1  ethernet.o(.data)
    TCPFlags                                 0x100003c4   Data           1  ethernet.o(.data)
    TCPRxDataCount                           0x100003c6   Data           2  ethernet.o(.data)
    TCPTxDataCount                           0x100003c8   Data           2  ethernet.o(.data)
    TCPLocalPort                             0x100003ca   Data           2  ethernet.o(.data)
    TCPRemotePort                            0x100003cc   Data           2  ethernet.o(.data)
    RemoteMAC                                0x100003ce   Data           6  ethernet.o(.data)
    RemoteIP                                 0x100003d4   Data           4  ethernet.o(.data)
    SocketStatus                             0x100003d8   Data           1  ethernet.o(.data)
    auxDir                                   0x100003d9   Data           4  ethernet.o(.data)
    esync                                    0x100003e0   Data           4  ethernet.o(.data)
    BytesToSend                              0x100003e4   Data           4  ethernet.o(.data)
    Status                                   0x100003e8   Data           1  ethernet.o(.data)
    PWebSide                                 0x100003ec   Data           4  ethernet.o(.data)
    lcd                                      0x100003f0   Data           4  lcd_so.o(.data)
    l_reserved                               0x100003f4   Data           4  lcd_so.o(.data)
    lsync                                    0x100003f8   Data           4  lcd_so.o(.data)
    _width                                   0x100003fc   Data           2  lcddriver.o(.data)
    _height                                  0x100003fe   Data           2  lcddriver.o(.data)
    rotation                                 0x10000400   Data           1  lcddriver.o(.data)
    DisplaySample                            0x10000402   Data          12  touchpanel.o(.data)
    display                                  0x10000412   Data           4  touchpanel.o(.data)
    t_reserved                               0x10000418   Data           4  touchpanel_os.o(.data)
    tsync                                    0x1000041c   Data           4  touchpanel_os.o(.data)
    f_reserved                               0x10000420   Data           4  file_os.o(.data)
    res                                      0x10000424   Data           1  file_os.o(.data)
    br                                       0x10000428   Data           4  file_os.o(.data)
    size                                     0x1000042c   Data           4  file_os.o(.data)
    fsync                                    0x10000430   Data           4  file_os.o(.data)
    __stdout                                 0x1000043c   Data           4  stdout.o(.data)
    buffer_uart                              0x10000440   Data         512  main_all.o(.bss)
    buffer_ethernet                          0x10000640   Data         256  main_all.o(.bss)
    os_thread_def_osTimerThread              0x10000740   Data          16  rtx_conf_cm.o(.bss)
    mp_tcb                                   0x10000750   Data         300  rtx_conf_cm.o(.bss)
    mp_stk                                   0x10000880   Data        1216  rtx_conf_cm.o(.bss)
    os_stack_mem                             0x10000d40   Data         224  rtx_conf_cm.o(.bss)
    os_fifo                                  0x10000e20   Data         132  rtx_conf_cm.o(.bss)
    os_active_TCB                            0x10000ea4   Data          24  rtx_conf_cm.o(.bss)
    os_messageQ_q_osTimerMessageQ            0x10000ebc   Data          16  rtx_conf_cm.o(.bss)
    os_rdy                                   0x10000ecc   Data          24  rt_list.o(.bss)
    os_dly                                   0x10000ee4   Data          24  rt_list.o(.bss)
    os_idle_TCB                              0x10000efc   Data          48  rt_task.o(.bss)
    bufferUART                               0x10000f2c   Data         512  uartn.o(.bss)
    enviado                                  0x1000112c   Data          30  uartn.o(.bss)
    mensaje                                  0x1000114a   Data          30  uartn.o(.bss)
    uart_pool                                0x10001168   Data          16  uartn.o(.bss)
    _TxFrame1                                0x10001178   Data         566  ethernet.o(.bss)
    _TxFrame2                                0x100013ae   Data          74  ethernet.o(.bss)
    _RxTCPBuffer                             0x100013f8   Data         256  ethernet.o(.bss)
    eth_pool                                 0x100014f8   Data          16  ethernet.o(.bss)
    epool                                    0x10001508   Data         252  ethernet.o(.bss)
    lcd_pool                                 0x10001604   Data         232  lcd_so.o(.bss)
    slcd_pool                                0x100016ec   Data          28  lcd_so.o(.bss)
    matrix                                   0x10001708   Data          56  touchpanel.o(.bss)
    ScreenSample                             0x10001740   Data          12  touchpanel.o(.bss)
    touch_pool                               0x1000174c   Data          28  touchpanel_os.o(.bss)
    fs                                       0x10001768   Data         560  file_os.o(.bss)
    fsrc                                     0x10001998   Data         548  file_os.o(.bss)
    file_pool                                0x10001bbc   Data         132  file_os.o(.bss)
    CardInfo                                 0x10001c40   Data          88  spi_msd_driver.o(.bss)
    __initial_sp                             0x10001f98   Data           0  startup_lpc17xx.o(STACK)



==============================================================================

Memory Map of the image

  Image Entry point : 0x000000cd

  Load Region LR_IROM1 (Base: 0x00000000, Size: 0x000119a4, Max: 0x00080000, ABSOLUTE, COMPRESSED[0x00011620])

    Execution Region ER_IROM1 (Base: 0x00000000, Size: 0x00011564, Max: 0x00080000, ABSOLUTE)

    Base Addr    Size         Type   Attr      Idx    E Section Name        Object

    0x00000000   0x000000cc   Data   RO           48    RESET               startup_lpc17xx.o
    0x000000cc   0x00000000   Code   RO         1074  * .ARM.Collect$$$$00000000  mc_w.l(entry.o)
    0x000000cc   0x00000004   Code   RO         1366    .ARM.Collect$$$$00000001  mc_w.l(entry2.o)
    0x000000d0   0x00000004   Code   RO         1369    .ARM.Collect$$$$00000004  mc_w.l(entry5.o)
    0x000000d4   0x00000000   Code   RO         1371    .ARM.Collect$$$$00000008  mc_w.l(entry7b.o)
    0x000000d4   0x00000000   Code   RO         1373    .ARM.Collect$$$$0000000A  mc_w.l(entry8b.o)
    0x000000d4   0x00000000   Code   RO         1374    .ARM.Collect$$$$0000000D  mc_w.l(entry10a.o)
    0x000000d4   0x00000000   Code   RO         1376    .ARM.Collect$$$$0000000F  mc_w.l(entry11a.o)
    0x000000d4   0x00000018   Code   RO          124    .ARM.Collect$$$$000000FF  rtx_conf_cm.o
    0x000000ec   0x00000004   Code   RO         1367    .ARM.Collect$$$$00002712  mc_w.l(entry2.o)
    0x000000f0   0x00000130   Code   RO          153    .emb_text           hal_cm3.o
    0x00000220   0x00000024   Code   RO           50    .text               startup_lpc17xx.o
    0x00000244   0x00000008   Code   RO          125    .text               rtx_conf_cm.o
    0x0000024c   0x00000070   Code   RO          185    .text               hal_cm.o
    0x000002bc   0x00000004   Code   RO          502    .text               lpc17xx_libcfg_default.o
    0x000002c0   0x00000020   Code   RO          838    .text               asciilib.o
    0x000002e0   0x0000000e   Code   RO         1083    .text               mc_w.l(strlen.o)
    0x000002ee   0x00000000   Code   RO         1387    .text               mc_w.l(iusefp.o)
    0x000002ee   0x0000000e   Code   RO         1398    i.__scatterload_copy  mc_w.l(handlers.o)
    0x000002fc   0x00000004   Code   RO           49    .ARM.__at_0x02FC    startup_lpc17xx.o
    0x00000300   0x00000318   Code   RO            3    .text               system_lpc17xx.o
    0x00000618   0x00000398   Code   RO           58    .text               main_all.o
    0x000009b0   0x00001250   Code   RO          202    .text               rt_cmsis.o
    0x00001c00   0x0000017c   Code   RO          242    .text               rt_event.o
    0x00001d7c   0x0000028c   Code   RO          254    .text               rt_list.o
    0x00002008   0x00000348   Code   RO          276    .text               rt_mailbox.o
    0x00002350   0x000000c2   Code   RO          288    .text               rt_membox.o
    0x00002412   0x000000b0   Code   RO          300    .text               rt_memory.o
    0x000024c2   0x00000002   PAD
    0x000024c4   0x000001d8   Code   RO          312    .text               rt_mutex.o
    0x0000269c   0x0000006c   Code   RO          324    .text               rt_robin.o
    0x00002708   0x00000144   Code   RO          339    .text               rt_semaphore.o
    0x0000284c   0x0000033c   Code   RO          352    .text               rt_system.o
    0x00002b88   0x000003fc   Code   RO          390    .text               rt_task.o
    0x00002f84   0x00000064   Code   RO          413    .text               rt_time.o
    0x00002fe8   0x00000150   Code   RO          445    .text               lpc17xx_clkpwr.o
    0x00003138   0x00000424   Code   RO          478    .text               lpc17xx_gpio.o
    0x0000355c   0x0000067c   Code   RO          516    .text               lpc17xx_ssp.o
    0x00003bd8   0x00000100   Code   RO          540    .text               lpc17xx_pinsel.o
    0x00003cd8   0x00000424   Code   RO          563    .text               debug_frmwrk.o
    0x000040fc   0x00000ddc   Code   RO          592    .text               lpc17xx_uart.o
    0x00004ed8   0x0000082c   Code   RO          613    .text               uartn.o
    0x00005704   0x00000500   Code   RO          654    .text               emac.o
    0x00005c04   0x000004f4   Code   RO          683    .text               ethernet.o
    0x000060f8   0x00000e98   Code   RO          732    .text               tcpip.o
    0x00006f90   0x000001c8   Code   RO          762    .text               lcd_so.o
    0x00007158   0x000009e4   Code   RO          800    .text               lcddriver.o
    0x00007b3c   0x00002f7a   Code   RO          857    .text               glcd.o
    0x0000aab6   0x00000002   PAD
    0x0000aab8   0x00000840   Code   RO          885    .text               touchpanel.o
    0x0000b2f8   0x000000d8   Code   RO          912    .text               touchpanel_os.o
    0x0000b3d0   0x000006dc   Code   RO          943    .text               file_os.o
    0x0000baac   0x00001d3e   Code   RO          991    .text               ff.o
    0x0000d7ea   0x00000002   PAD
    0x0000d7ec   0x00000c78   Code   RO         1016    .text               spi_msd_driver.o
    0x0000e464   0x00000158   Code   RO         1052    .text               diskio.o
    0x0000e5bc   0x00000062   Code   RO         1077    .text               mc_w.l(uldiv.o)
    0x0000e61e   0x00000024   Code   RO         1079    .text               mc_w.l(memcpya.o)
    0x0000e642   0x00000024   Code   RO         1081    .text               mc_w.l(memseta.o)
    0x0000e666   0x0000001c   Code   RO         1085    .text               mc_w.l(strcmp.o)
    0x0000e682   0x0000001a   Code   RO         1087    .text               mc_w.l(memcmp.o)
    0x0000e69c   0x0000014e   Code   RO         1352    .text               mf_w.l(dadd.o)
    0x0000e7ea   0x000000e4   Code   RO         1354    .text               mf_w.l(dmul.o)
    0x0000e8ce   0x000000de   Code   RO         1356    .text               mf_w.l(ddiv.o)
    0x0000e9ac   0x00000022   Code   RO         1358    .text               mf_w.l(dflti.o)
    0x0000e9ce   0x0000001a   Code   RO         1360    .text               mf_w.l(dfltui.o)
    0x0000e9e8   0x00000032   Code   RO         1362    .text               mf_w.l(dfixui.o)
    0x0000ea1a   0x00000002   PAD
    0x0000ea1c   0x00000028   Code   RO         1364    .text               mf_w.l(cdcmple.o)
    0x0000ea44   0x0000001e   Code   RO         1381    .text               mc_w.l(llshl.o)
    0x0000ea62   0x00000020   Code   RO         1383    .text               mc_w.l(llushr.o)
    0x0000ea82   0x00000024   Code   RO         1385    .text               mc_w.l(llsshr.o)
    0x0000eaa6   0x000000be   Code   RO         1388    .text               mf_w.l(depilogue.o)
    0x0000eb64   0x00000024   Code   RO         1394    .text               mc_w.l(init.o)
    0x0000eb88   0x0000005c   Code   RO         1404    .text               mc_w.l(__dczerorl2.o)
    0x0000ebe4   0x00000050   Code   RO          197    SVC_TABLE           svc_table.o
    0x0000ec34   0x00000020   Code   RO         1298    i.__0printf$8       mc_w.l(printf8.o)
    0x0000ec54   0x00000028   Code   RO         1300    i.__0sprintf$8      mc_w.l(printf8.o)
    0x0000ec7c   0x00000002   Code   RO         1399    i.__scatterload_null  mc_w.l(handlers.o)
    0x0000ec7e   0x0000000e   Code   RO         1400    i.__scatterload_zeroinit  mc_w.l(handlers.o)
    0x0000ec8c   0x00000408   Code   RO         1305    i._printf_core      mc_w.l(printf8.o)
    0x0000f094   0x00000026   Code   RO         1306    i._printf_post_padding  mc_w.l(printf8.o)
    0x0000f0ba   0x00000030   Code   RO         1307    i._printf_pre_padding  mc_w.l(printf8.o)
    0x0000f0ea   0x00000002   PAD
    0x0000f0ec   0x00000034   Code   RO         1034    i._spi_read_write   spi_msd_driver.o
    0x0000f120   0x0000000a   Code   RO         1309    i._sputc            mc_w.l(printf8.o)
    0x0000f12a   0x00000002   PAD
    0x0000f12c   0x00000095   Data   RO           60    .constdata          main_all.o
    0x0000f1c1   0x00000003   PAD
    0x0000f1c4   0x0000003e   Data   RO          127    .constdata          rtx_conf_cm.o
    0x0000f202   0x00000002   PAD
    0x0000f204   0x00000044   Data   RO          517    .constdata          lpc17xx_ssp.o
    0x0000f248   0x00000044   Data   RO          593    .constdata          lpc17xx_uart.o
    0x0000f28c   0x0000000c   Data   RO          685    .constdata          ethernet.o
    0x0000f298   0x00000006   Data   RO          733    .constdata          tcpip.o
    0x0000f29e   0x00001b48   Data   RO          789    .constdata          font.o
    0x00010de6   0x00000002   PAD
    0x00010de8   0x000000e4   Data   RO          801    .constdata          lcddriver.o
    0x00010ecc   0x000005f0   Data   RO          839    .constdata          asciilib.o
    0x000114bc   0x00000088   Data   RO          945    .constdata          file_os.o
    0x00011544   0x00000020   Data   RO         1396    Region$$Table       anon$$obj.o


    Execution Region RW_IRAM1 (Base: 0x10000000, Size: 0x00001f98, Max: 0x00008000, ABSOLUTE, COMPRESSED[0x000000bc])

    Base Addr    Size         Type   Attr      Idx    E Section Name        Object

    0x10000000   0x00000004   Data   RW            4    .data               system_lpc17xx.o
    0x10000004   0x000002d8   Data   RW           61    .data               main_all.o
    0x100002dc   0x0000001c   Data   RW          128    .data               rtx_conf_cm.o
    0x100002f8   0x00000008   Data   RW          203    .data               rt_cmsis.o
    0x10000300   0x00000008   Data   RW          325    .data               rt_robin.o
    0x10000308   0x0000000b   Data   RW          353    .data               rt_system.o
    0x10000313   0x00000001   PAD
    0x10000314   0x00000008   Data   RW          392    .data               rt_task.o
    0x1000031c   0x00000004   Data   RW          414    .data               rt_time.o
    0x10000320   0x00000028   Data   RW          564    .data               debug_frmwrk.o
    0x10000348   0x00000034   Data   RW          615    .data               uartn.o
    0x1000037c   0x00000008   Data   RW          655    .data               emac.o
    0x10000384   0x0000006c   Data   RW          686    .data               ethernet.o
    0x100003f0   0x0000000c   Data   RW          764    .data               lcd_so.o
    0x100003fc   0x00000005   Data   RW          802    .data               lcddriver.o
    0x10000401   0x00000001   Data   RW          858    .data               glcd.o
    0x10000402   0x00000014   Data   RW          887    .data               touchpanel.o
    0x10000416   0x00000002   PAD
    0x10000418   0x00000008   Data   RW          914    .data               touchpanel_os.o
    0x10000420   0x00000014   Data   RW          946    .data               file_os.o
    0x10000434   0x00000006   Data   RW          992    .data               ff.o
    0x1000043a   0x00000002   PAD
    0x1000043c   0x00000004   Data   RW         1378    .data               mc_w.l(stdout.o)
    0x10000440   0x00000300   Zero   RW           59    .bss                main_all.o
    0x10000740   0x0000078c   Zero   RW          126    .bss                rtx_conf_cm.o
    0x10000ecc   0x00000030   Zero   RW          255    .bss                rt_list.o
    0x10000efc   0x00000030   Zero   RW          391    .bss                rt_task.o
    0x10000f2c   0x0000024c   Zero   RW          614    .bss                uartn.o
    0x10001178   0x0000048c   Zero   RW          684    .bss                ethernet.o
    0x10001604   0x00000104   Zero   RW          763    .bss                lcd_so.o
    0x10001708   0x00000044   Zero   RW          886    .bss                touchpanel.o
    0x1000174c   0x0000001c   Zero   RW          913    .bss                touchpanel_os.o
    0x10001768   0x000004d8   Zero   RW          944    .bss                file_os.o
    0x10001c40   0x00000058   Zero   RW         1017    .bss                spi_msd_driver.o
    0x10001c98   0x00000300   Zero   RW           46    STACK               startup_lpc17xx.o


==============================================================================

Image component sizes


      Code (inc. data)   RO Data    RW Data    ZI Data      Debug   Object Name

        32          6       1520          0          0       1067   asciilib.o
      1060         72          0         40          0      13366   debug_frmwrk.o
       344         20          0          0          0       2661   diskio.o
      1280         98          0          8          0       4549   emac.o
      1268        120         12        108       1164       9394   ethernet.o
      7486         40          0          6          0      21052   ff.o
      1756        768        136         20       1240       8455   file_os.o
         0          0       6984          0          0        609   font.o
     12154         60          0          1          0      39757   glcd.o
       112          8          0          0          0       1367   hal_cm.o
       304         36          0          0          0       2528   hal_cm3.o
       456         32          0         12        260       2018   lcd_so.o
      2532         48        228          5          0       8679   lcddriver.o
       336         32          0          0          0       3131   lpc17xx_clkpwr.o
      1060         62          0          0          0       9775   lpc17xx_gpio.o
         4          0          0          0          0        919   lpc17xx_libcfg_default.o
       256          4          0          0          0       4101   lpc17xx_pinsel.o
      1660         30         68          0          0      11320   lpc17xx_ssp.o
      3548         76         68          0          0      10477   lpc17xx_uart.o
       920        166        149        728        768      12769   main_all.o
      4688         94          0          8          0      39652   rt_cmsis.o
       380         14          0          0          0       1926   rt_event.o
       652         22          0          0         48       5686   rt_list.o
       840         10          0          0          0       2571   rt_mailbox.o
       194          0          0          0          0       1509   rt_membox.o
       176          0          0          0          0       1703   rt_memory.o
       472          8          0          0          0       1547   rt_mutex.o
       108         18          0          8          0        744   rt_robin.o
       324         10          0          0          0       1760   rt_semaphore.o
       828         62          0         11          0       5553   rt_system.o
      1020         78          0          8         48       5993   rt_task.o
       100          8          0          4          0       1139   rt_time.o
        32          6         62         28       1932       6745   rtx_conf_cm.o
      3244        504          0          0         88       9001   spi_msd_driver.o
        40         12        204          0        768        936   startup_lpc17xx.o
        80         80          0          0          0        164   svc_table.o
       792         78          0          4          0      22001   system_lpc17xx.o
      3736        324          6          0          0       7560   tcpip.o
      2112         70          0         20         68       5513   touchpanel.o
       216         20          0          8         28       1843   touchpanel_os.o
      2092        202          0         52        588      31206   uartn.o

    ----------------------------------------------------------------------
     58700       3298       9476       1084       7000     322746   Object Totals
         0          0         32          0          0          0   (incl. Generated)
         6          0          7          5          0          0   (incl. Padding)

    ----------------------------------------------------------------------

      Code (inc. data)   RO Data    RW Data    ZI Data      Debug   Library Member Name

        92          0          0          0          0          0   __dczerorl2.o
         0          0          0          0          0          0   entry.o
         0          0          0          0          0          0   entry10a.o
         0          0          0          0          0          0   entry11a.o
         8          4          0          0          0          0   entry2.o
         4          0          0          0          0          0   entry5.o
         0          0          0          0          0          0   entry7b.o
         0          0          0          0          0          0   entry8b.o
        30          0          0          0          0          0   handlers.o
        36          8          0          0          0         68   init.o
         0          0          0          0          0          0   iusefp.o
        30          0          0          0          0         68   llshl.o
        36          0          0          0          0         68   llsshr.o
        32          0          0          0          0         68   llushr.o
        26          0          0          0          0         80   memcmp.o
        36          0          0          0          0         68   memcpya.o
        36          0          0          0          0        108   memseta.o
      1200         60          0          0          0        504   printf8.o
         0          0          0          4          0          0   stdout.o
        28          0          0          0          0         76   strcmp.o
        14          0          0          0          0         68   strlen.o
        98          0          0          0          0         92   uldiv.o
        40          2          0          0          0         68   cdcmple.o
       334          0          0          0          0        148   dadd.o
       222          0          0          0          0        100   ddiv.o
       190          0          0          0          0        176   depilogue.o
        50          0          0          0          0         76   dfixui.o
        34          0          0          0          0         76   dflti.o
        26          0          0          0          0         76   dfltui.o
       228          0          0          0          0         96   dmul.o

    ----------------------------------------------------------------------
      2836         74          0          4          0       2084   Library Totals
         6          0          0          0          0          0   (incl. Padding)

    ----------------------------------------------------------------------

      Code (inc. data)   RO Data    RW Data    ZI Data      Debug   Library Name

      1706         72          0          4          0       1268   mc_w.l
      1124          2          0          0          0        816   mf_w.l

    ----------------------------------------------------------------------
      2836         74          0          4          0       2084   Library Totals

    ----------------------------------------------------------------------

==============================================================================


      Code (inc. data)   RO Data    RW Data    ZI Data      Debug   

     61536       3372       9476       1088       7000     320098   Grand Totals
     61536       3372       9476        188       7000     320098   ELF Image Totals (compressed)
     61536       3372       9476        188          0          0   ROM Totals

==============================================================================

    Total RO  Size (Code + RO Data)                71012 (  69.35kB)
    Total RW  Size (RW Data + ZI Data)              8088 (   7.90kB)
    Total ROM Size (Code + RO Data + RW Data)      71200 (  69.53kB)

==============================================================================

